// Jest Snapshot v1, https://goo.gl/fbAQLP

exports[`Avatar should render 1`] = `
<div class="avatar avatar--orange">
  <img class="avatarImage" src="test.png" alt="Test Name" />
</div>
`;
