// Jest Snapshot v1, https://goo.gl/fbAQLP

exports[`Value should show the value passed to it 1`] = `<div class="value">Hello World</div>`;
